yaoyz_test@yaoyz-MS-7996:~/dev/vim_config$ sudo ssh -D 127.0.0.1:22
usage: ssh [-1246AaCfGgKkMNnqsTtVvXxYy] [-b bind_address] [-c cipher_spec]
           [-D [bind_address:]port] [-E log_file] [-e escape_char]
           [-F configfile] [-I pkcs11] [-i identity_file] [-L address]
           [-l login_name] [-m mac_spec] [-O ctl_cmd] [-o option] [-p port]
           [-Q query_option] [-R address] [-S ctl_path] [-W host:port]
           [-w local_tun[:remote_tun]] [user@]hostname [command]
yaoyz_test@yaoyz-MS-7996:~/dev/vim_config$ sshd
程序“sshd”尚未安装。 您可以使用以下命令安装：
sudo apt install openssh-server
yaoyz_test@yaoyz-MS-7996:~/dev/vim_config$ sudo apt install openssh-server
正在读取软件包列表... 完成
正在分析软件包的依赖关系树       
正在读取状态信息... 完成       
下列软件包是自动安装的并且现在不需要了：
  libllvm3.8:i386
使用'sudo apt autoremove'来卸载它(它们)。
将会同时安装下列软件：
  ncurses-term openssh-sftp-server ssh-import-id
建议安装：
  ssh-askpass rssh molly-guard monkeysphere
下列【新】软件包将被安装：
  ncurses-term openssh-server openssh-sftp-server ssh-import-id
升级了 0 个软件包，新安装了 4 个软件包，要卸载 0 个软件包，有 5 个软件包未被升级。
需要下载 633 kB 的归档。
解压缩后会消耗 5,136 kB 的额外空间。
您希望继续执行吗？ [Y/n] 
获取:1 http://cn.archive.ubuntu.com/ubuntu xenial/main amd64 ncurses-term all 6.0+20160213-1ubuntu1 [249 kB]
获取:2 http://cn.archive.ubuntu.com/ubuntu xenial-updates/main amd64 openssh-sftp-server amd64 1:7.2p2-4ubuntu2.8 [38.9 kB]
获取:3 http://cn.archive.ubuntu.com/ubuntu xenial-updates/main amd64 openssh-server amd64 1:7.2p2-4ubuntu2.8 [335 kB]
获取:4 http://cn.archive.ubuntu.com/ubuntu xenial/main amd64 ssh-import-id all 5.5-0ubuntu1 [10.2 kB]                                                  
已下载 633 kB，耗时 6秒 (101 kB/s)                                                                                                                     
正在预设定软件包 ...
正在选中未选择的软件包 ncurses-term。
(正在读取数据库 ... 系统当前共安装有 219821 个文件和目录。)
正准备解包 .../ncurses-term_6.0+20160213-1ubuntu1_all.deb  ...
正在解包 ncurses-term (6.0+20160213-1ubuntu1) ...
正在选中未选择的软件包 openssh-sftp-server。
正准备解包 .../openssh-sftp-server_1%3a7.2p2-4ubuntu2.8_amd64.deb  ...
正在解包 openssh-sftp-server (1:7.2p2-4ubuntu2.8) ...
正在选中未选择的软件包 openssh-server。
正准备解包 .../openssh-server_1%3a7.2p2-4ubuntu2.8_amd64.deb  ...
正在解包 openssh-server (1:7.2p2-4ubuntu2.8) ...
正在选中未选择的软件包 ssh-import-id。
正准备解包 .../ssh-import-id_5.5-0ubuntu1_all.deb  ...
正在解包 ssh-import-id (5.5-0ubuntu1) ...
正在处理用于 man-db (2.7.5-1) 的触发器 ...
正在处理用于 ureadahead (0.100.0-19.1) 的触发器 ...
ureadahead will be reprofiled on next reboot
正在处理用于 systemd (229-4ubuntu21.21) 的触发器 ...
正在处理用于 ufw (0.35-0ubuntu2) 的触发器 ...
正在设置 ncurses-term (6.0+20160213-1ubuntu1) ...
正在设置 openssh-sftp-server (1:7.2p2-4ubuntu2.8) ...
正在设置 openssh-server (1:7.2p2-4ubuntu2.8) ...
Creating SSH2 RSA key; this may take some time ...
2048 SHA256:c7t9ZWrTzb0RR4Uy+UPDrnht+hQYSsJlLrK/NRIUhC4 root@yaoyz-MS-7996 (RSA)
Creating SSH2 DSA key; this may take some time ...
1024 SHA256:pw5CphG9lFisso+BpV50ZKcTr4C3L70ALJEGjgbWDJI root@yaoyz-MS-7996 (DSA)
Creating SSH2 ECDSA key; this may take some time ...
256 SHA256:M62qoJQ3M8g3SigiWlR4dneI7vRbx7yXmajtNMic2Iw root@yaoyz-MS-7996 (ECDSA)
Creating SSH2 ED25519 key; this may take some time ...
256 SHA256:ZVPGK+LAeV/Q6sz8QcQUvjGRIhzfiy+Jtzb3vRfoIfA root@yaoyz-MS-7996 (ED25519)
正在设置 ssh-import-id (5.5-0ubuntu1) ...
正在处理用于 ureadahead (0.100.0-19.1) 的触发器 ...
正在处理用于 systemd (229-4ubuntu21.21) 的触发器 ...
正在处理用于 ufw (0.35-0ubuntu2) 的触发器 ...
yaoyz_test@yaoyz-MS-7996:~/dev/vim_config$ sshd
sshd re-exec requires execution with an absolute path
yaoyz_test@yaoyz-MS-7996:~/dev/vim_config$ ps -elf|grep ssh
4 S root     17453     1  0  80   0 - 16378 -      01:06 ?        00:00:00 /usr/sbin/sshd -D
0 S yaoyz_t+ 17535 10755  0  80   0 -  3996 pipe_w 01:06 pts/19   00:00:00 grep --color=auto ssh
yaoyz_test@yaoyz-MS-7996:~/dev/vim_config$ git clone git_yao@127.0.0.1:project_test.git
正克隆到 'project_test'...
The authenticity of host '127.0.0.1 (127.0.0.1)' can't be established.
ECDSA key fingerprint is SHA256:M62qoJQ3M8g3SigiWlR4dneI7vRbx7yXmajtNMic2Iw.
Are you sure you want to continue connecting (yes/no)? yes
Warning: Permanently added '127.0.0.1' (ECDSA) to the list of known hosts.
git_yao@127.0.0.1's password: 
Permission denied, please try again.
git_yao@127.0.0.1's password: 
Permission denied, please try again.
git_yao@127.0.0.1's password: 
Permission denied (publickey,password).
fatal: Could not read from remote repository.

Please make sure you have the correct access rights
and the repository exists.
yaoyz_test@yaoyz-MS-7996:~/dev/vim_config$ 

